7
-7
16
110false
29false
38false
47false
56false
65false
74false
83false
92false
101false
110false
29false
38false
47false
56false
65false
74false
83false
92false
101false
110true
29true
38true
47true
56true
65true
74true
83true
92true
101true
110true
29true
38true
47true
56true
65true
74true
83true
92true
101true
110true
29true
38true
47true
56true
65true
74true
83true
92true
101true
110false
29false
38false
47false
56false
65false
74false
83false
92false
101false
true -3
true -2
true -1
false 0
true 1
true 2
true 3
true -3
true -2
true -1
false 0
true 1
true 2
true 3
true -3
true -2
true -1
false 0
true 1
true 2
true 3
true -3
true -2
true -1
false 0
true 1
true 2
true 3
true -3
true -2
true -1
false 0
true 1
true 2
true 3
true -3
true -2
true -1
false 0
true 1
true 2
true 3
