****************- (stage 3) -****************
****************- (stage 4) -****************
****************- (stage 5) -****************
****************- (stage 3) -****************
****************- (stage 4) -****************
****************- (stage 7) -****************
****************- (stage 3) -****************
****************- (stage 4) -****************
****************- (stage 7) -****************
result = 3.14159265358783 with error 2.46864e-12
after 33 function evaluations.
